2021-03-09 09:58:41,408             Une info
2021-03-09 09:58:41,408             Attention
2021-03-09 09:59:02,923             Une info
2021-03-09 09:59:02,924             Attention
2021-03-09 09:59:15,159             Une info
2021-03-09 09:59:15,159             Attention
